{
   "Healthy": true,
   "FailureTolerance": 1,
   "Servers": {
      "7875975d-d54b-49c1-a400-9fefcc706c67": {
         "Server": {
            "ID": "7875975d-d54b-49c1-a400-9fefcc706c67",
            "Name": "node1",
            "Address": "198.18.0.1:8300",
            "NodeStatus": "alive",
            "Version": "1.9.0",
            "Meta": null,
            "RaftVersion": 3,
            "IsLeader": true,
            "NodeType": "voter",
            "Ext": null
         },
         "State": "leader",
         "Stats": {
            "LastContact": 0,
            "LastTerm": 3,
            "LastIndex": 1024
         },
         "Health": {
            "Healthy": true,
            "StableSince": "2020-11-02T15:00:00Z"
         }
      },
      "e72eb8da-604d-47cd-bd7f-69ec120ea2b7": {
         "Server": {
            "ID": "e72eb8da-604d-47cd-bd7f-69ec120ea2b7",
            "Name": "node3",
            "Address": "198.18.0.3:8300",
            "NodeStatus": "alive",
            "Version": "1.9.0",
            "Meta": null,
            "RaftVersion": 3,
            "IsLeader": false,
            "NodeType": "voter",
            "Ext": null
         },
         "State": "voter",
         "Stats": {
            "LastContact": 15000000,
            "LastTerm": 3,
            "LastIndex": 999
         },
         "Health": {
            "Healthy": true,
            "StableSince": "2020-11-02T15:00:00Z"
         }
      },
      "ecfc5237-63c3-4b09-94b9-d5682d9ae5b1": {
         "Server": {
            "ID": "ecfc5237-63c3-4b09-94b9-d5682d9ae5b1",
            "Name": "node2",
            "Address": "198.18.0.2:8300",
            "NodeStatus": "alive",
            "Version": "1.9.0",
            "Meta": null,
            "RaftVersion": 3,
            "IsLeader": false,
            "NodeType": "voter",
            "Ext": null
         },
         "State": "voter",
         "Stats": {
            "LastContact": 10000000,
            "LastTerm": 3,
            "LastIndex": 1000
         },
         "Health": {
            "Healthy": true,
            "StableSince": "2020-11-02T15:00:00Z"
         }
      }
   },
   "Leader": "7875975d-d54b-49c1-a400-9fefcc706c67",
   "Voters": [
      "7875975d-d54b-49c1-a400-9fefcc706c67",
      "e72eb8da-604d-47cd-bd7f-69ec120ea2b7",
      "ecfc5237-63c3-4b09-94b9-d5682d9ae5b1"
   ],
   "Ext": null
}